Creating hybrid image...

Préparation du moteur d’imagerie…
Lecture de Driver Descriptor Map (DDM : 0)…
   (CRC32 $F0A0F681 : Driver Descriptor Map (DDM : 0))
Lecture de Apple (Apple_partition_map : 1)…
   (CRC32 $D4B4CA23 : Apple (Apple_partition_map : 1))
Lecture de DiscRecording 9.0.3d5 (Apple_HFS : 2)…
   (CRC32 $07EF4637 : DiscRecording 9.0.3d5 (Apple_HFS : 2))
Ajout de ressources…
Temps écoulé :  1.644s
Taille du fichier : 55772733 octets, Somme de contrôle : CRC32 $E3D1E31A
Secteurs traités : 251268, 251265 comprimés
Vitesse : 74.6 Mo/s
Compression : 56.6%
created: /Users/jeremygrimonpont/workspace/ARKA_LABS/LABS_PRODUCTS/messenger/src-tauri/target/release/bundle/dmg/arkalabs Messenger_0.1.0_x64.dmg
Calcul de la somme de contrôle de Driver Descriptor Map (DDM : 0)…
     Driver Descriptor Map (DDM : 0) : vérifiée   CRC32 $F0A0F681
Calcul de la somme de contrôle de Apple (Apple_partition_map : 1)…
     Apple (Apple_partition_map : 1) : vérifiée   CRC32 $D4B4CA23
Calcul de la somme de contrôle de DiscRecording 9.0.3d5 (Apple_HFS : 2)…
DiscRecording 9.0.3d5 (Apple_HFS : 2 : vérifiée   CRC32 $07EF4637
vérifiée   CRC32 $E3D1E31A
hdiutil: verify: checksum of "/Users/jeremygrimonpont/workspace/ARKA_LABS/LABS_PRODUCTS/messenger/src-tauri/target/release/bundle/dmg/arkalabs Messenger_0.1.0_x64.dmg" is VALID
